// Vitest Snapshot v1, https://vitest.dev/guide/snapshot.html

exports[`VueToggles > renders correctly 1`] = `
<span
  aria-checked="false"
  aria-disabled="false"
  aria-readonly="false"
  class="vue-toggles"
  role="switch"
  style="width: 75px; height: 25px; background: rgb(147, 147, 147); opacity: 1; cursor: pointer;"
  tabindex="0"
>
  <span
    aria-hidden="true"
    class="dot"
    style="background: rgb(255, 255, 255); width: 17px; height: 17px; min-width: 17px; min-height: 17px; margin-left: 5px;"
  >
    <span
      class="text"
      style="font-weight: normal; font-size: 12px; color: rgb(255, 255, 255); left: 22px; display: none;"
    />
    <span
      class="text"
      style="font-weight: normal; font-size: 12px; color: rgb(255, 255, 255); left: 22px; display: none;"
    />
  </span>
</span>
`;
